<?xml version="1.0" encoding="utf-16"?>
<FlowDocument PagePadding="0,0,0,0" xmlns="http://schemas.microsoft.com/winfx/2006/xaml/presentation">
  <Table>
    <Table.Columns>
      <TableColumn />
    </Table.Columns>
    <TableRowGroup>
      <TableRow>
        <TableCell>
          <Paragraph>firstTable</Paragraph>
        </TableCell>
      </TableRow>
    </TableRowGroup>
    <TableRowGroup>
      <TableRow>
        <TableCell>
          <Paragraph>asdf</Paragraph>
        </TableCell>
      </TableRow>
    </TableRowGroup>
  </Table>
  <Table>
    <Table.Columns>
      <TableColumn />
      <TableColumn />
      <TableColumn />
      <TableColumn />
    </Table.Columns>
    <TableRowGroup>
      <TableRow>
        <TableCell>
          <Paragraph>a</Paragraph>
        </TableCell>
        <TableCell TextAlignment="Left">
          <Paragraph>b</Paragraph>
        </TableCell>
        <TableCell TextAlignment="Right">
          <Paragraph>c</Paragraph>
        </TableCell>
        <TableCell TextAlignment="Center">
          <Paragraph>d</Paragraph>
        </TableCell>
      </TableRow>
    </TableRowGroup>
    <TableRowGroup>
      <TableRow>
        <TableCell>
          <Paragraph>a</Paragraph>
        </TableCell>
        <TableCell TextAlignment="Left">
          <Paragraph>b</Paragraph>
        </TableCell>
        <TableCell TextAlignment="Right">
          <Paragraph>c</Paragraph>
        </TableCell>
        <TableCell TextAlignment="Center">
          <Paragraph>d</Paragraph>
        </TableCell>
      </TableRow>
      <TableRow>
        <TableCell>
          <Paragraph>a</Paragraph>
        </TableCell>
        <TableCell TextAlignment="Left">
          <Paragraph>b</Paragraph>
        </TableCell>
        <TableCell TextAlignment="Right">
          <Paragraph>c</Paragraph>
        </TableCell>
        <TableCell TextAlignment="Center">
          <Paragraph>d</Paragraph>
        </TableCell>
      </TableRow>
    </TableRowGroup>
  </Table>
  <Table>
    <Table.Columns>
      <TableColumn />
      <TableColumn />
      <TableColumn />
      <TableColumn />
      <TableColumn />
    </Table.Columns>
    <TableRowGroup>
      <TableRow>
        <TableCell>
          <Paragraph>a</Paragraph>
        </TableCell>
        <TableCell TextAlignment="Left">
          <Paragraph>b</Paragraph>
        </TableCell>
        <TableCell TextAlignment="Right">
          <Paragraph>c</Paragraph>
        </TableCell>
        <TableCell TextAlignment="Center">
          <Paragraph>d</Paragraph>
        </TableCell>
        <TableCell />
      </TableRow>
    </TableRowGroup>
    <TableRowGroup>
      <TableRow>
        <TableCell>
          <Paragraph>a</Paragraph>
        </TableCell>
        <TableCell TextAlignment="Left">
          <Paragraph>b</Paragraph>
        </TableCell>
        <TableCell TextAlignment="Right">
          <Paragraph>c</Paragraph>
        </TableCell>
        <TableCell TextAlignment="Center">
          <Paragraph>d</Paragraph>
        </TableCell>
        <TableCell />
      </TableRow>
      <TableRow>
        <TableCell>
          <Paragraph>a</Paragraph>
        </TableCell>
        <TableCell TextAlignment="Left">
          <Paragraph>b</Paragraph>
        </TableCell>
        <TableCell TextAlignment="Right">
          <Paragraph>c</Paragraph>
        </TableCell>
        <TableCell TextAlignment="Center">
          <Paragraph>d</Paragraph>
        </TableCell>
        <TableCell>
          <Paragraph>e</Paragraph>
        </TableCell>
      </TableRow>
    </TableRowGroup>
  </Table>
  <Paragraph />
</FlowDocument>
